Loading data...
  Phase1 v19: 1839, v73: 1695, v74: 1839
  Gate3 perframe: 1839
  Vision checkpoint: 1839 done

Phase V: Vision landmark extraction...
  Phase V pending: 0 episodes (1839 from vision checkpoint)
Phase V done 0 in 0.0s (0.0/s). turn_hits=0 goal_hits=0
  Visual turn landmarks: 1695/1839 episodes
  Visual goal landmarks: 1839/1839 episodes
  v63 opener overrides: 14 EIDs

Total tasks: 1839
Projected sentence distribution:
  1s: 333 (18.1%)
  2s: 621 (33.8%)
  3s: 587 (31.9%)
  4s: 298 (16.2%)
Visual landmark coverage: turns=777/1839 goal=1839/1839

Phase G: Text instruction generation...
  Phase G pending: 1839 episodes (0 from checkpoint)
  [G 100/1839] ok=100 err=0 rate=7.8/s ETA=3.7m
  [G 200/1839] ok=200 err=0 rate=8.7/s ETA=3.2m
  [G 300/1839] ok=300 err=0 rate=9.2/s ETA=2.8m
  [G 400/1839] ok=400 err=0 rate=9.4/s ETA=2.6m
  [G 500/1839] ok=500 err=0 rate=9.5/s ETA=2.4m
  [G 600/1839] ok=600 err=0 rate=9.7/s ETA=2.1m
  [G 700/1839] ok=700 err=0 rate=9.6/s ETA=2.0m
  [G 800/1839] ok=800 err=0 rate=9.8/s ETA=1.8m
  [G 900/1839] ok=900 err=0 rate=9.8/s ETA=1.6m
  [G 1000/1839] ok=1000 err=0 rate=9.9/s ETA=1.4m
  [G 1100/1839] ok=1100 err=0 rate=9.9/s ETA=1.2m
  [G 1200/1839] ok=1200 err=0 rate=9.9/s ETA=1.1m
  [G 1300/1839] ok=1300 err=0 rate=9.9/s ETA=0.9m
  [G 1400/1839] ok=1400 err=0 rate=9.9/s ETA=0.7m
  [G 1500/1839] ok=1500 err=0 rate=9.9/s ETA=0.6m
  [G 1600/1839] ok=1600 err=0 rate=9.9/s ETA=0.4m
  [G 1700/1839] ok=1700 err=0 rate=9.9/s ETA=0.2m
  [G 1800/1839] ok=1800 err=0 rate=9.9/s ETA=0.1m
Phase G done 1839 in 184.3s (10.0/s). errors=0

Assembling output dataset...

Saved 1839 episodes to /home/kemal/VLNav/s2_pipeline_new/outputs/datasets/val_unseen_gate3_gemma_v100.json.gz
Deployed: /mnt/nvme0/vln_habitat/habitat_data/datasets/vln/mp3d/r2r/v1/val_unseen/val_unseen_v100.json.gz (264KB)
File size: 264KB

Quality report (GT benchmarks in parentheses):
  Avg words: 26.8 (GT: 26.8)
  Avg sentences: 2.46 (GT: 2.51)
  Sentence dist: {1: '18.1%', 2: '33.8%', 3: '31.9%', 4: '16.2%'}
  Avg explicit turns: 0.645 (GT: 0.587)
  pct_zero explicit: 58.0% (GT: 58.7%)
  Has stop condition: 100.0% (GT: ~85%)
  Has room transition: 93.3% (GT: 62.6%)
  Landmark density: 0.56 lm/ep (GT=0.57, v35=1.43, v38=1.07) *** v40 KEY METRIC ***
  Unique instructions: 1810/1839 (98.4%) (GT=100%, v35=78%, v38=83%, v39=1.97)

Actual opener (first word) distribution:
  walk           :  673 (36.6%) [GT: walk=34%, go=18.5%, turn=16.5%, exit=10.7%, leave=3.9%]
  go             :  380 (20.7%) [GT: walk=34%, go=18.5%, turn=16.5%, exit=10.7%, leave=3.9%]
  turn           :  296 (16.1%) [GT: walk=34%, go=18.5%, turn=16.5%, exit=10.7%, leave=3.9%]
  exit           :  202 (11.0%) [GT: walk=34%, go=18.5%, turn=16.5%, exit=10.7%, leave=3.9%]
  enter          :   72 (3.9%) [GT: walk=34%, go=18.5%, turn=16.5%, exit=10.7%, leave=3.9%]
  leave          :   54 (2.9%) [GT: walk=34%, go=18.5%, turn=16.5%, exit=10.7%, leave=3.9%]
  depart         :   54 (2.9%) [GT: walk=34%, go=18.5%, turn=16.5%, exit=10.7%, leave=3.9%]
  proceed        :   54 (2.9%) [GT: walk=34%, go=18.5%, turn=16.5%, exit=10.7%, leave=3.9%]
  make           :   54 (2.9%) [GT: walk=34%, go=18.5%, turn=16.5%, exit=10.7%, leave=3.9%]

  v40 key metrics:
    turn_opener: 296/1839 (16.1%) — GT=16.5%, v35=15.8% ✓
    non-GT openers (proceed/traverse/cross/pass): 54/1839 (2.9%) — target=0%
    proceed/traverse anywhere: 54/1839 (2.9%) — target=0%

  head% in instructions: 0.2% (GT: ~1.5%, v30: 0.3%, target: <3%)

Sample instructions:
  Turn right out of the lounge and walk to the back of the room. Walk straight through the far wall into the lounge and stop right before the patterned armchair.
  Turn left into lounge. Walk toward the back of the room. Turn right into spa. Walk through the far wall and stop right before the massage table.
  Go straight through the living room to the back of the room. Turn left into the laundry room and stop in front of the abstract painting.
  Walk through the bedroom to the back of the room. Go into the bedroom through the far wall. Walk through the bedroom and stop next to the white sofa.
  Go across the bedroom to the back of the room and walk into the living room. Turn to the porch and wait at the white outdoor sofa.
